// Jest Snapshot v1, https://goo.gl/fbAQLP

exports[`Pages With Snapshot Testing snapshot WeatherItem Component 1`] = `
<article
  className="jsx-3266424908 weatherItemWrapper "
>
  <h2
    className="jsx-3266424908"
  >
    Tue
  </h2>
  <figure
    className="jsx-3266424908"
  >
    <i
      className="jsx-3266424908 wi wi-cloudy"
    />
  </figure>
  <div
    className="jsx-3266424908"
  >
    <span
      className="jsx-3266424908"
    >
      10
      °
    </span>
    ~
    <span
      className="jsx-3266424908"
    >
      15
      °
    </span>
  </div>
</article>
`;
